SYMBOL   [line 001]  (
SYMBOL   [line 001]  )
SYMBOL   [line 001]  +
SYMBOL   [line 001]  *
DECLIT   [line 001]  123
ID       [line 001]  id
DECLIT   [line 001]  0
ID       [line 001]  name
ID       [line 001]  num1
STRLIT   [line 002]  "hello world"
SYMBOL   [line 002]  %
SYMBOL   [line 002]  [
SYMBOL   [line 002]  ]
SYMBOL   [line 002]  {
SYMBOL   [line 002]  }
HEXLIT   [line 003]  0x0
HEXLIT   [line 003]  0x123
HEXLIT   [line 003]  0xabc
